// Jest Snapshot v1, https://goo.gl/fbAQLP

exports[`Route table Page should render the Route table component 1`] = `
Array [
  <section
    className="flex justify-between content-center pb-7 font-raleway"
  >
    <div>
      <input
        className="p-1 rounded-md border-2"
        name="search"
        onChange={[Function]}
        type="text"
        value=""
      />
    </div>
     
    
  </section>,
  " ",
  <table
    className="w-full"
    role="table"
  >
    <thead>
      <tr
        className="pb-10 "
        role="row"
      >
        <th
          className="text-left font-extrabold pr-5 border-b-2 pb-4 font-raleway"
          colSpan={1}
          role="columnheader"
        >
          Destination 1
        </th>
        <th
          className="text-left font-extrabold pr-5 border-b-2 pb-4 font-raleway"
          colSpan={1}
          role="columnheader"
        >
          Destination 2
        </th>
        <th
          className="text-left font-extrabold pr-5 border-b-2 pb-4 font-raleway"
          colSpan={1}
          role="columnheader"
        >
          Distance
        </th>
        <th
          className="text-left font-extrabold pr-5 border-b-2 pb-4 font-raleway"
          colSpan={1}
          role="columnheader"
        >
          Total buses in Route
        </th>
        <th
          className="text-left font-extrabold pr-5 border-b-2 pb-4 font-raleway"
          colSpan={1}
          role="columnheader"
        >
          Management
        </th>
      </tr>
    </thead>
    <tbody
      role="rowgroup"
    >
      <tr
        role="row"
      >
        <td
          className="pr-5 py-4 border-b-2"
          role="cell"
        >
          Kabuga
        </td>
        <td
          className="pr-5 py-4 border-b-2"
          role="cell"
        >
          Nyanza
        </td>
        <td
          className="pr-5 py-4 border-b-2"
          role="cell"
        >
          22km
        </td>
        <td
          className="pr-5 py-4 border-b-2"
          role="cell"
        >
          100
        </td>
        <td
          className="pr-5 py-4 border-b-2"
          role="cell"
        >
          <div
            className="z-10"
          >
            <select
              className="py-1 px-3 font-rale font-bold bg-transparent border rounded-sm"
              id=""
              name=""
              onChange={[Function]}
              role="select"
            >
              <option
                hidden={true}
              >
                 Manage 
              </option>
              <option
                value="view"
              >
                 View 
              </option>
              
              
               
            </select>
          </div>
        </td>
      </tr>
      <tr
        role="row"
      >
        <td
          className="pr-5 py-4 border-b-2"
          role="cell"
        >
          Kabuga
        </td>
        <td
          className="pr-5 py-4 border-b-2"
          role="cell"
        >
          Nyabugogo
        </td>
        <td
          className="pr-5 py-4 border-b-2"
          role="cell"
        >
          20km
        </td>
        <td
          className="pr-5 py-4 border-b-2"
          role="cell"
        >
          100
        </td>
        <td
          className="pr-5 py-4 border-b-2"
          role="cell"
        >
          <div
            className="z-10"
          >
            <select
              className="py-1 px-3 font-rale font-bold bg-transparent border rounded-sm"
              id=""
              name=""
              onChange={[Function]}
              role="select"
            >
              <option
                hidden={true}
              >
                 Manage 
              </option>
              <option
                value="view"
              >
                 View 
              </option>
              
              
               
            </select>
          </div>
        </td>
      </tr>
    </tbody>
  </table>,
]
`;
