// Jest Snapshot v1, https://goo.gl/fbAQLP

exports[`Header should render Header 1`] = `
<div
  className="flex bg-background border-b-4 pb-4 sticky top-0 z-20"
>
  <div>
    <a
      href="/"
      onClick={[Function]}
    >
      <img
        alt="Phantom"
        className="w-44 xl:w-60 ml-8 xl:ml-20 mt-7 mb-2"
        src=""
      />
    </a>
  </div>
  <div
    className="hidden md:flex xl:flex ml-auto mr-20"
  >
    <a
      href="/login"
      onClick={[Function]}
    >
      <div>
        <button
          className="bg-primary hover:bg-hover text-white rounded-xl mt-7 ml-6 rounded-xl py-3 text-base md:text-sm lg:text-lg xl:text-lg px-5"
          type="button"
        >
          For operators
        </button>
      </div>
    </a>
    <div>
      <button
        className="border border-primary bg-background hover:bg-hover2 text-primary rounded-xl mt-7 ml-6 px-6 rounded-xl py-3 text-base md:text-sm lg:text-lg xl:text-lg px-5"
        type="button"
      >
        Track Bus
      </button>
    </div>
    <div>
      <select
        className=" md:mt-8 bg-background border outline-none md:ml-6 lg:ml-6 xl:ml-6 lg:mt-8 xl:mt-8 flex py-2 px-4 text-lg hover:font-bold"
      >
        <option
          className=" border-none bg-background w-full cursor-pointer hover:font-bold"
        >
          English
        </option>
        <option
          className=" border-none bg-background w-full cursor-pointer hover:font-bold"
        >
          French
        </option>
        <option
          className=" border-none bg-background cursor-pointer hover:font-bold"
        >
          Kinyarwanda
        </option>
      </select>
    </div>
  </div>
  <section
    className="flex flex-col absolute right-0 bg-background px-2"
  >
    <button
      className="md:hidden xl:hidden ml-auto mr-12 mt-8"
      id="toggle"
      onClick={[Function]}
      type="button"
    >
      <div>
        <div
          className="h-1 w-7 bg-primary mt-1"
        />
        <div
          className="h-1 w-7 bg-primary mt-1"
        />
        <div
          className="h-1 w-7 bg-primary mt-1"
        />
      </div>
    </button>
  </section>
</div>
`;
