// Jest Snapshot v1, https://goo.gl/fbAQLP

exports[`Driver Registration  Should render only the driver form 1`] = `
<h1
  className="text-black"
>
  Drivers
</h1>
`;
