// Jest Snapshot v1, https://goo.gl/fbAQLP

exports[`LandingPage should render LandingPage 1`] = `
<div>
  <div
    className="flex flex-col items-center lg:flex-row xl:flex-row"
  >
    <div>
      <h1
        className="flex flex-col text-3xl md:text-5xl xl:text-5xl font-raleway font-extrabold mx-12 xl:mx-28 mt-12 xl:mt-32"
      >
        <span>
          Track bus location,
        </span>
        <span
          className="ml-4 md:ml-10"
        >
          Save your time.
        </span>
      </h1>
      <p
        className="flex flex-col text-sm md:text-xl xl:text-base mx-20 md:ml-40 xl:ml-52 mt-10"
      >
        <span>
          Check the location of the buses
        </span>
        <span
          className="ml-4"
        >
          on their respective routes
        </span>
      </p>
      <div>
        <button
          className="bg-primary hover:bg-hover text-white rounded-3xl mt-12 px-12 xl:px-12 py-2 ml-28 md:ml-52 xl:ml-64 rounded-xl py-3 px-5"
          type="button"
        >
          Start
        </button>
      </div>
    </div>
    <div
      className="w-full px-20 lg:w-80 xl:w-96 lg:ml-auto xl:ml-auto lg:mr-36 xl:mr-36 lg:px-0 xl:px-0 mt-28"
    >
      <img
        alt="Bus"
        src=""
      />
    </div>
  </div>
  <div
    className="flex flex-col items-center"
  >
    <h1
      className="text-4xl font-raleway font-extrabold mt-28 xl:mt-44 mb-10 text-center"
    >
      How this Works
    </h1>
    <div
      className=" flex flex-col lg:flex-row xl:flex-row mt-12 mb-32"
    >
      <div
        className="xl:justify-start xl:pt-2 border w-52 h-52 px-4 text-center flex flex-col justify-center items-center rounded-lg shadow-md hover:bg-hover2"
      >
        <img
          alt="start"
          className="w-12 mt-4"
          src=""
        />
        <h3
          className="font-raley mt-2 font-extrabold text-sm"
        >
          1. Start
        </h3>
        <p
          className="font-sans text-center text-sm my-2"
        >
          Click the starting button, to begin tracking buses
        </p>
      </div>
      <div
        className="my-28 lg:my-0 xl:my-0 lg:mx-32 xl:mx-32 border w-52 h-52 px-4 text-center flex flex-col justify-center items-center rounded-lg shadow-md hover:bg-hover2"
      >
        <img
          alt="locator"
          className="w-12 mt-4"
          src=""
        />
        <h3
          className="font-raley mt-2 font-extrabold text-sm"
        >
          2. Enter location & destination
        </h3>
        <p
          className="font-sans text-center text-sm my-2"
        >
          In the respective fields, enter your current location and destination
        </p>
      </div>
      <div
        className="undefined border w-52 h-52 px-4 text-center flex flex-col justify-center items-center rounded-lg shadow-md hover:bg-hover2"
      >
        <img
          alt="globe"
          className="w-12 mt-4"
          src=""
        />
        <h3
          className="font-raley mt-2 font-extrabold text-sm"
        >
          1. View the location of the nearest bus
        </h3>
        <p
          className="font-sans text-center text-sm my-2"
        >
          Through the map, you will see the location of the buses you want to track
        </p>
      </div>
    </div>
  </div>
</div>
`;
