// Jest Snapshot v1, https://goo.gl/fbAQLP

exports[`Driver Management page should render Login 1`] = `
<div>
  <section
    className="flex justify-between content-center pb-7"
  >
    <div>
      <input
        className="p-1 rounded-md border-2"
        name="search"
        onChange={[Function]}
        placeholder="Search Drivers..."
        type="text"
        value=""
      />
    </div>
    
  </section>
  <table
    className="w-full overflow-x-scroll font-raleway"
    role="table"
  >
    <thead>
      <tr
        className="pb-10 "
        role="row"
      >
        <th
          className="text-left font-extrabold pr-5 border-b-2 pb-4"
          colSpan={1}
          role="columnheader"
        >
          Names
        </th>
        <th
          className="text-left font-extrabold pr-5 border-b-2 pb-4"
          colSpan={1}
          role="columnheader"
        >
          Email
        </th>
        <th
          className="text-left font-extrabold pr-5 border-b-2 pb-4"
          colSpan={1}
          role="columnheader"
        >
          License
        </th>
        <th
          className="text-left font-extrabold pr-5 border-b-2 pb-4"
          colSpan={1}
          role="columnheader"
        >
          Assigned Bus
        </th>
        <th
          className="text-left font-extrabold pr-5 border-b-2 pb-4"
          colSpan={1}
          role="columnheader"
        >
          Management
        </th>
      </tr>
    </thead>
    <tbody
      role="rowgroup"
    />
  </table>
</div>
`;
