// Jest Snapshot v1, https://goo.gl/fbAQLP

exports[`Tracking page should test the setOrigin 1`] = `
Object {
  "asFragment": [Function],
  "baseElement": <body>
    <div>
      <div
        class="flex flex-col"
      >
        <form
          class="fixed z-20 flex flex-col justify-center"
          id="form"
        >
          <div
            class="flex flex-col bg-background p-4 rounded-xl mt-2 ml-6 md:ml-10 md:items-baseline"
          >
            <select
              class="rounded-xl bg-background border-primary text-sm outline-none mb-2 pl-4 md:pl-8 py-1  w-40 md:w-56 border-2"
              id="origin"
              name="origin"
              placeholder="your current location"
              type="text"
            >
              <option
                id="origin-select"
              >
                Select Origin
              </option>
              <option
                class="cursor-pointer bg-transparent font-bold font-raleway disabled:text-gray-400 disabled:bg-gray-100"
                value="Nyabugogo"
              >
                Nyabugogo
              </option>
              <option
                class="cursor-pointer bg-transparent font-bold font-raleway disabled:text-gray-400 disabled:bg-gray-100"
                value="Kimironko"
              >
                Kimironko
              </option>
              <option
                class="cursor-pointer bg-transparent font-bold font-raleway disabled:text-gray-400 disabled:bg-gray-100"
                value="Nyanza"
              >
                Nyanza
              </option>
              <option
                class="cursor-pointer bg-transparent font-bold font-raleway disabled:text-gray-400 disabled:bg-gray-100"
                disabled=""
                value="Remera"
              >
                Remera
              </option>
              <option
                class="cursor-pointer bg-transparent font-bold font-raleway disabled:text-gray-400 disabled:bg-gray-100"
                value="Down-Town"
              >
                Down-Town
              </option>
            </select>
            <select
              class="rounded-xl bg-background border-primary text-sm outline-none mb-2 pl-4 md:pl-8 py-1 w-40 md:w-56 border-2"
              id="destination"
              name="destination"
              placeholder="your destination"
              type="text"
            >
              <option
                hidden=""
                value=""
              >
                Select Destination
              </option>
              <option
                class="cursor-pointer bg-transparent hover:bg-primary font-raleway font-bold disabled:text-gray-400 disabled:bg-gray-100"
                disabled=""
                value="Nyabugogo"
              >
                Nyabugogo
              </option>
              <option
                class="cursor-pointer bg-transparent hover:bg-primary font-raleway font-bold disabled:text-gray-400 disabled:bg-gray-100"
                value="Kimironko"
              >
                Kimironko
              </option>
              <option
                class="cursor-pointer bg-transparent hover:bg-primary font-raleway font-bold disabled:text-gray-400 disabled:bg-gray-100"
                value="Nyanza"
              >
                Nyanza
              </option>
              <option
                class="cursor-pointer bg-transparent hover:bg-primary font-raleway font-bold disabled:text-gray-400 disabled:bg-gray-100"
                value="Remera"
              >
                Remera
              </option>
              <option
                class="cursor-pointer bg-transparent hover:bg-primary font-raleway font-bold disabled:text-gray-400 disabled:bg-gray-100"
                value="Down-Town"
              >
                Down-Town
              </option>
            </select>
            <div
              class="flex justify-center md:ml-16"
              type="submit"
            >
              <div>
                <button
                  class="bg-primary text-sm text-background py-1 rounded-xl py-2 text-base md:text-sm px-5"
                  type="submit"
                >
                  Track
                </button>
              </div>
            </div>
          </div>
        </form>
        <div
          class="flex flex-col items-center z-10"
        >
          <div
            class="h-screen md:h-[88vh] w-[95vw] leaflet-container leaflet-grab leaflet-touch-drag"
            style="position: relative;"
            tabindex="0"
          >
            <div
              class="leaflet-pane leaflet-map-pane"
              style="left: 0px; top: 0px;"
            >
              <div
                class="leaflet-pane leaflet-tile-pane"
              >
                <div
                  class="leaflet-layer "
                  style="z-index: 1;"
                >
                  <div
                    class="leaflet-tile-container leaflet-zoom-animated"
                    style="z-index: 18; left: 0px; top: 0px;"
                  >
                    <img
                      alt=""
                      class="leaflet-tile"
                      role="presentation"
                      src="https://a.tile.openstreetmap.org/13/4779/4140.png"
                      style="width: 256px; height: 256px; left: -226px; top: -20px;"
                    />
                  </div>
                </div>
              </div>
              <div
                class="leaflet-pane leaflet-shadow-pane"
              >
                <img
                  alt=""
                  class="leaflet-marker-shadow leaflet-zoom-hide"
                  src="marker-shadow.png"
                  style="margin-left: -12px; margin-top: -41px; width: 41px; height: 41px; left: 0px; top: 0px;"
                />
                <img
                  alt=""
                  class="leaflet-marker-shadow leaflet-zoom-hide"
                  src="marker-shadow.png"
                  style="margin-left: -12px; margin-top: -41px; width: 41px; height: 41px; left: 382px; top: 127px;"
                />
              </div>
              <div
                class="leaflet-pane leaflet-overlay-pane"
              />
              <div
                class="leaflet-pane leaflet-marker-pane"
              >
                <img
                  alt=""
                  class="leaflet-marker-icon leaflet-zoom-hide leaflet-interactive leaflet-marker-draggable"
                  src="marker-icon.png"
                  style="margin-left: -12px; margin-top: -41px; width: 25px; height: 41px; left: 0px; top: 0px; z-index: 0;"
                  tabindex="0"
                />
                <img
                  alt=""
                  class="leaflet-marker-icon leaflet-zoom-hide leaflet-interactive leaflet-marker-draggable"
                  src="marker-icon.png"
                  style="margin-left: -12px; margin-top: -41px; width: 25px; height: 41px; left: 382px; top: 127px; z-index: 127;"
                  tabindex="0"
                />
              </div>
              <div
                class="leaflet-pane leaflet-tooltip-pane"
              />
              <div
                class="leaflet-pane leaflet-popup-pane"
              />
            </div>
            <div
              class="leaflet-control-container"
            >
              <div
                class="leaflet-top leaflet-left"
              />
              <div
                class="leaflet-top leaflet-right"
              >
                <div
                  class="leaflet-control-zoom leaflet-bar leaflet-control"
                >
                  <a
                    aria-label="Zoom in"
                    class="leaflet-control-zoom-in"
                    href="#"
                    role="button"
                    title="Zoom in"
                  >
                    +
                  </a>
                  <a
                    aria-label="Zoom out"
                    class="leaflet-control-zoom-out"
                    href="#"
                    role="button"
                    title="Zoom out"
                  >
                    −
                  </a>
                </div>
                <div
                  class="leaflet-routing-container leaflet-bar leaflet-routing-collapsible leaflet-control"
                >
                  <span
                    class="leaflet-routing-collapse-btn"
                  />
                  <div
                    class="leaflet-routing-alternatives-container"
                  />
                </div>
              </div>
              <div
                class="leaflet-bottom leaflet-left"
              />
              <div
                class="leaflet-bottom leaflet-right"
              >
                <div
                  class="leaflet-control-attribution leaflet-control"
                >
                  <a
                    href="https://leafletjs.com"
                    title="A JS library for interactive maps"
                  >
                    Leaflet
                  </a>
                   | © 
                  <a
                    href="https://www.openstreetmap.org/copyright"
                  >
                    OpenStreetMap
                  </a>
                   contributors
                </div>
              </div>
            </div>
            
          </div>
        </div>
      </div>
    </div>
  </body>,
  "container": <div>
    <div
      class="flex flex-col"
    >
      <form
        class="fixed z-20 flex flex-col justify-center"
        id="form"
      >
        <div
          class="flex flex-col bg-background p-4 rounded-xl mt-2 ml-6 md:ml-10 md:items-baseline"
        >
          <select
            class="rounded-xl bg-background border-primary text-sm outline-none mb-2 pl-4 md:pl-8 py-1  w-40 md:w-56 border-2"
            id="origin"
            name="origin"
            placeholder="your current location"
            type="text"
          >
            <option
              id="origin-select"
            >
              Select Origin
            </option>
            <option
              class="cursor-pointer bg-transparent font-bold font-raleway disabled:text-gray-400 disabled:bg-gray-100"
              value="Nyabugogo"
            >
              Nyabugogo
            </option>
            <option
              class="cursor-pointer bg-transparent font-bold font-raleway disabled:text-gray-400 disabled:bg-gray-100"
              value="Kimironko"
            >
              Kimironko
            </option>
            <option
              class="cursor-pointer bg-transparent font-bold font-raleway disabled:text-gray-400 disabled:bg-gray-100"
              value="Nyanza"
            >
              Nyanza
            </option>
            <option
              class="cursor-pointer bg-transparent font-bold font-raleway disabled:text-gray-400 disabled:bg-gray-100"
              disabled=""
              value="Remera"
            >
              Remera
            </option>
            <option
              class="cursor-pointer bg-transparent font-bold font-raleway disabled:text-gray-400 disabled:bg-gray-100"
              value="Down-Town"
            >
              Down-Town
            </option>
          </select>
          <select
            class="rounded-xl bg-background border-primary text-sm outline-none mb-2 pl-4 md:pl-8 py-1 w-40 md:w-56 border-2"
            id="destination"
            name="destination"
            placeholder="your destination"
            type="text"
          >
            <option
              hidden=""
              value=""
            >
              Select Destination
            </option>
            <option
              class="cursor-pointer bg-transparent hover:bg-primary font-raleway font-bold disabled:text-gray-400 disabled:bg-gray-100"
              disabled=""
              value="Nyabugogo"
            >
              Nyabugogo
            </option>
            <option
              class="cursor-pointer bg-transparent hover:bg-primary font-raleway font-bold disabled:text-gray-400 disabled:bg-gray-100"
              value="Kimironko"
            >
              Kimironko
            </option>
            <option
              class="cursor-pointer bg-transparent hover:bg-primary font-raleway font-bold disabled:text-gray-400 disabled:bg-gray-100"
              value="Nyanza"
            >
              Nyanza
            </option>
            <option
              class="cursor-pointer bg-transparent hover:bg-primary font-raleway font-bold disabled:text-gray-400 disabled:bg-gray-100"
              value="Remera"
            >
              Remera
            </option>
            <option
              class="cursor-pointer bg-transparent hover:bg-primary font-raleway font-bold disabled:text-gray-400 disabled:bg-gray-100"
              value="Down-Town"
            >
              Down-Town
            </option>
          </select>
          <div
            class="flex justify-center md:ml-16"
            type="submit"
          >
            <div>
              <button
                class="bg-primary text-sm text-background py-1 rounded-xl py-2 text-base md:text-sm px-5"
                type="submit"
              >
                Track
              </button>
            </div>
          </div>
        </div>
      </form>
      <div
        class="flex flex-col items-center z-10"
      >
        <div
          class="h-screen md:h-[88vh] w-[95vw] leaflet-container leaflet-grab leaflet-touch-drag"
          style="position: relative;"
          tabindex="0"
        >
          <div
            class="leaflet-pane leaflet-map-pane"
            style="left: 0px; top: 0px;"
          >
            <div
              class="leaflet-pane leaflet-tile-pane"
            >
              <div
                class="leaflet-layer "
                style="z-index: 1;"
              >
                <div
                  class="leaflet-tile-container leaflet-zoom-animated"
                  style="z-index: 18; left: 0px; top: 0px;"
                >
                  <img
                    alt=""
                    class="leaflet-tile"
                    role="presentation"
                    src="https://a.tile.openstreetmap.org/13/4779/4140.png"
                    style="width: 256px; height: 256px; left: -226px; top: -20px;"
                  />
                </div>
              </div>
            </div>
            <div
              class="leaflet-pane leaflet-shadow-pane"
            >
              <img
                alt=""
                class="leaflet-marker-shadow leaflet-zoom-hide"
                src="marker-shadow.png"
                style="margin-left: -12px; margin-top: -41px; width: 41px; height: 41px; left: 0px; top: 0px;"
              />
              <img
                alt=""
                class="leaflet-marker-shadow leaflet-zoom-hide"
                src="marker-shadow.png"
                style="margin-left: -12px; margin-top: -41px; width: 41px; height: 41px; left: 382px; top: 127px;"
              />
            </div>
            <div
              class="leaflet-pane leaflet-overlay-pane"
            />
            <div
              class="leaflet-pane leaflet-marker-pane"
            >
              <img
                alt=""
                class="leaflet-marker-icon leaflet-zoom-hide leaflet-interactive leaflet-marker-draggable"
                src="marker-icon.png"
                style="margin-left: -12px; margin-top: -41px; width: 25px; height: 41px; left: 0px; top: 0px; z-index: 0;"
                tabindex="0"
              />
              <img
                alt=""
                class="leaflet-marker-icon leaflet-zoom-hide leaflet-interactive leaflet-marker-draggable"
                src="marker-icon.png"
                style="margin-left: -12px; margin-top: -41px; width: 25px; height: 41px; left: 382px; top: 127px; z-index: 127;"
                tabindex="0"
              />
            </div>
            <div
              class="leaflet-pane leaflet-tooltip-pane"
            />
            <div
              class="leaflet-pane leaflet-popup-pane"
            />
          </div>
          <div
            class="leaflet-control-container"
          >
            <div
              class="leaflet-top leaflet-left"
            />
            <div
              class="leaflet-top leaflet-right"
            >
              <div
                class="leaflet-control-zoom leaflet-bar leaflet-control"
              >
                <a
                  aria-label="Zoom in"
                  class="leaflet-control-zoom-in"
                  href="#"
                  role="button"
                  title="Zoom in"
                >
                  +
                </a>
                <a
                  aria-label="Zoom out"
                  class="leaflet-control-zoom-out"
                  href="#"
                  role="button"
                  title="Zoom out"
                >
                  −
                </a>
              </div>
              <div
                class="leaflet-routing-container leaflet-bar leaflet-routing-collapsible leaflet-control"
              >
                <span
                  class="leaflet-routing-collapse-btn"
                />
                <div
                  class="leaflet-routing-alternatives-container"
                />
              </div>
            </div>
            <div
              class="leaflet-bottom leaflet-left"
            />
            <div
              class="leaflet-bottom leaflet-right"
            >
              <div
                class="leaflet-control-attribution leaflet-control"
              >
                <a
                  href="https://leafletjs.com"
                  title="A JS library for interactive maps"
                >
                  Leaflet
                </a>
                 | © 
                <a
                  href="https://www.openstreetmap.org/copyright"
                >
                  OpenStreetMap
                </a>
                 contributors
              </div>
            </div>
          </div>
          
        </div>
      </div>
    </div>
  </div>,
  "debug": [Function],
  "findAllByAltText": [Function],
  "findAllByDisplayValue": [Function],
  "findAllByLabelText": [Function],
  "findAllByPlaceholderText": [Function],
  "findAllByRole": [Function],
  "findAllByTestId": [Function],
  "findAllByText": [Function],
  "findAllByTitle": [Function],
  "findByAltText": [Function],
  "findByDisplayValue": [Function],
  "findByLabelText": [Function],
  "findByPlaceholderText": [Function],
  "findByRole": [Function],
  "findByTestId": [Function],
  "findByText": [Function],
  "findByTitle": [Function],
  "getAllByAltText": [Function],
  "getAllByDisplayValue": [Function],
  "getAllByLabelText": [Function],
  "getAllByPlaceholderText": [Function],
  "getAllByRole": [Function],
  "getAllByTestId": [Function],
  "getAllByText": [Function],
  "getAllByTitle": [Function],
  "getByAltText": [Function],
  "getByDisplayValue": [Function],
  "getByLabelText": [Function],
  "getByPlaceholderText": [Function],
  "getByRole": [Function],
  "getByTestId": [Function],
  "getByText": [Function],
  "getByTitle": [Function],
  "queryAllByAltText": [Function],
  "queryAllByDisplayValue": [Function],
  "queryAllByLabelText": [Function],
  "queryAllByPlaceholderText": [Function],
  "queryAllByRole": [Function],
  "queryAllByTestId": [Function],
  "queryAllByText": [Function],
  "queryAllByTitle": [Function],
  "queryByAltText": [Function],
  "queryByDisplayValue": [Function],
  "queryByLabelText": [Function],
  "queryByPlaceholderText": [Function],
  "queryByRole": [Function],
  "queryByTestId": [Function],
  "queryByText": [Function],
  "queryByTitle": [Function],
  "rerender": [Function],
  "unmount": [Function],
}
`;

exports[`TrackingPage should render TrackingPage 1`] = `
<div
  className="flex flex-col"
>
  <form
    className="fixed z-20 flex flex-col justify-center"
    id="form"
    onSubmit={[Function]}
  >
    <div
      className="flex flex-col bg-background p-4 rounded-xl mt-2 ml-6 md:ml-10 md:items-baseline"
    >
      <select
        className="rounded-xl bg-background border-primary text-sm outline-none mb-2 pl-4 md:pl-8 py-1  w-40 md:w-56 border-2"
        id="origin"
        name="origin"
        onChange={[Function]}
        placeholder="your current location"
        type="text"
      >
        <option
          id="origin-select"
        >
          Select Origin
        </option>
        <option
          className="cursor-pointer bg-transparent font-bold font-raleway disabled:text-gray-400 disabled:bg-gray-100"
          value="Nyabugogo"
        >
          Nyabugogo
        </option>
        <option
          className="cursor-pointer bg-transparent font-bold font-raleway disabled:text-gray-400 disabled:bg-gray-100"
          value="Kimironko"
        >
          Kimironko
        </option>
        <option
          className="cursor-pointer bg-transparent font-bold font-raleway disabled:text-gray-400 disabled:bg-gray-100"
          value="Nyanza"
        >
          Nyanza
        </option>
        <option
          className="cursor-pointer bg-transparent font-bold font-raleway disabled:text-gray-400 disabled:bg-gray-100"
          value="Remera"
        >
          Remera
        </option>
        <option
          className="cursor-pointer bg-transparent font-bold font-raleway disabled:text-gray-400 disabled:bg-gray-100"
          value="Down-Town"
        >
          Down-Town
        </option>
      </select>
      <select
        className="rounded-xl bg-background border-primary text-sm outline-none mb-2 pl-4 md:pl-8 py-1 w-40 md:w-56 border-2"
        id="destination"
        name="destination"
        onChange={[Function]}
        placeholder="your destination"
        type="text"
      >
        <option
          hidden={true}
          value=""
        >
          Select Destination
        </option>
        <option
          className="cursor-pointer bg-transparent hover:bg-primary font-raleway font-bold disabled:text-gray-400 disabled:bg-gray-100"
          value="Nyabugogo"
        >
          Nyabugogo
        </option>
        <option
          className="cursor-pointer bg-transparent hover:bg-primary font-raleway font-bold disabled:text-gray-400 disabled:bg-gray-100"
          value="Kimironko"
        >
          Kimironko
        </option>
        <option
          className="cursor-pointer bg-transparent hover:bg-primary font-raleway font-bold disabled:text-gray-400 disabled:bg-gray-100"
          value="Nyanza"
        >
          Nyanza
        </option>
        <option
          className="cursor-pointer bg-transparent hover:bg-primary font-raleway font-bold disabled:text-gray-400 disabled:bg-gray-100"
          value="Remera"
        >
          Remera
        </option>
        <option
          className="cursor-pointer bg-transparent hover:bg-primary font-raleway font-bold disabled:text-gray-400 disabled:bg-gray-100"
          value="Down-Town"
        >
          Down-Town
        </option>
      </select>
      <div
        className="flex justify-center md:ml-16"
        type="submit"
      >
        <div>
          <button
            className="bg-primary text-sm text-background py-1 rounded-xl py-2 text-base md:text-sm px-5"
            type="submit"
          >
            Track
          </button>
        </div>
      </div>
    </div>
  </form>
  <div
    className="flex flex-col items-center z-10"
  >
    <div
      className="h-screen md:h-[88vh] w-[95vw]"
    />
  </div>
</div>
`;
