// Jest Snapshot v1, https://goo.gl/fbAQLP

exports[`BusManagement Should delete a bus 1`] = `
Object {
  "asFragment": [Function],
  "baseElement": <body>
    <div>
      <div
        class="z-10"
      >
        <div
          class="flex w-fit py-1 px-3 bg-primary font-raleway font-bold rounded-md"
        >
          <div
            class="loader mr-1"
          />
          <button
            class="ml-1 font-raleway text-white font-bold"
          >
             
            Sending
          </button>
        </div>
      </div>
    </div>
  </body>,
  "container": <div>
    <div
      class="z-10"
    >
      <div
        class="flex w-fit py-1 px-3 bg-primary font-raleway font-bold rounded-md"
      >
        <div
          class="loader mr-1"
        />
        <button
          class="ml-1 font-raleway text-white font-bold"
        >
           
          Sending
        </button>
      </div>
    </div>
  </div>,
  "debug": [Function],
  "findAllByAltText": [Function],
  "findAllByDisplayValue": [Function],
  "findAllByLabelText": [Function],
  "findAllByPlaceholderText": [Function],
  "findAllByRole": [Function],
  "findAllByTestId": [Function],
  "findAllByText": [Function],
  "findAllByTitle": [Function],
  "findByAltText": [Function],
  "findByDisplayValue": [Function],
  "findByLabelText": [Function],
  "findByPlaceholderText": [Function],
  "findByRole": [Function],
  "findByTestId": [Function],
  "findByText": [Function],
  "findByTitle": [Function],
  "getAllByAltText": [Function],
  "getAllByDisplayValue": [Function],
  "getAllByLabelText": [Function],
  "getAllByPlaceholderText": [Function],
  "getAllByRole": [Function],
  "getAllByTestId": [Function],
  "getAllByText": [Function],
  "getAllByTitle": [Function],
  "getByAltText": [Function],
  "getByDisplayValue": [Function],
  "getByLabelText": [Function],
  "getByPlaceholderText": [Function],
  "getByRole": [Function],
  "getByTestId": [Function],
  "getByText": [Function],
  "getByTitle": [Function],
  "queryAllByAltText": [Function],
  "queryAllByDisplayValue": [Function],
  "queryAllByLabelText": [Function],
  "queryAllByPlaceholderText": [Function],
  "queryAllByRole": [Function],
  "queryAllByTestId": [Function],
  "queryAllByText": [Function],
  "queryAllByTitle": [Function],
  "queryByAltText": [Function],
  "queryByDisplayValue": [Function],
  "queryByLabelText": [Function],
  "queryByPlaceholderText": [Function],
  "queryByRole": [Function],
  "queryByTestId": [Function],
  "queryByText": [Function],
  "queryByTitle": [Function],
  "rerender": [Function],
  "unmount": [Function],
}
`;

exports[`BusManagement Should delete a bus 2`] = `
Object {
  "asFragment": [Function],
  "baseElement": <body>
    <div>
      <div
        class="z-10"
      >
        <div
          class="flex w-fit py-1 px-3 bg-primary font-raleway font-bold rounded-md"
        >
          <div
            class="loader mr-1"
          />
          <button
            class="ml-1 font-raleway text-white font-bold"
          >
             
            Sending
          </button>
        </div>
      </div>
    </div>
  </body>,
  "container": <div>
    <div
      class="z-10"
    >
      <div
        class="flex w-fit py-1 px-3 bg-primary font-raleway font-bold rounded-md"
      >
        <div
          class="loader mr-1"
        />
        <button
          class="ml-1 font-raleway text-white font-bold"
        >
           
          Sending
        </button>
      </div>
    </div>
  </div>,
  "debug": [Function],
  "findAllByAltText": [Function],
  "findAllByDisplayValue": [Function],
  "findAllByLabelText": [Function],
  "findAllByPlaceholderText": [Function],
  "findAllByRole": [Function],
  "findAllByTestId": [Function],
  "findAllByText": [Function],
  "findAllByTitle": [Function],
  "findByAltText": [Function],
  "findByDisplayValue": [Function],
  "findByLabelText": [Function],
  "findByPlaceholderText": [Function],
  "findByRole": [Function],
  "findByTestId": [Function],
  "findByText": [Function],
  "findByTitle": [Function],
  "getAllByAltText": [Function],
  "getAllByDisplayValue": [Function],
  "getAllByLabelText": [Function],
  "getAllByPlaceholderText": [Function],
  "getAllByRole": [Function],
  "getAllByTestId": [Function],
  "getAllByText": [Function],
  "getAllByTitle": [Function],
  "getByAltText": [Function],
  "getByDisplayValue": [Function],
  "getByLabelText": [Function],
  "getByPlaceholderText": [Function],
  "getByRole": [Function],
  "getByTestId": [Function],
  "getByText": [Function],
  "getByTitle": [Function],
  "queryAllByAltText": [Function],
  "queryAllByDisplayValue": [Function],
  "queryAllByLabelText": [Function],
  "queryAllByPlaceholderText": [Function],
  "queryAllByRole": [Function],
  "queryAllByTestId": [Function],
  "queryAllByText": [Function],
  "queryAllByTitle": [Function],
  "queryByAltText": [Function],
  "queryByDisplayValue": [Function],
  "queryByLabelText": [Function],
  "queryByPlaceholderText": [Function],
  "queryByRole": [Function],
  "queryByTestId": [Function],
  "queryByText": [Function],
  "queryByTitle": [Function],
  "rerender": [Function],
  "unmount": [Function],
}
`;

exports[`BusManagement Should render bus management page 1`] = `
<div
  className="z-10"
>
  <select
    className="py-1 px-3 font-rale font-bold bg-transparent border rounded-sm"
    id=""
    name="busManagement"
    onChange={[Function]}
    role="select"
  >
    <option
      hidden={true}
    >
      Manage
    </option>
    <option
      className="cursor-pointer"
      value="edit"
    >
      Edit
    </option>
    <option
      className="cursor-pointer"
      value="delete"
    >
      Delete
    </option>
  </select>
</div>
`;

exports[`BusManagement should edit a bus 1`] = `
Object {
  "asFragment": [Function],
  "baseElement": <body>
    <div>
      <div
        class="z-10"
      >
        <select
          class="py-1 px-3 font-rale font-bold bg-transparent border rounded-sm"
          id=""
          name="busManagement"
          role="select"
        >
          <option
            hidden=""
          >
            Manage
          </option>
          <option
            class="cursor-pointer"
            value="edit"
          >
            Edit
          </option>
          <option
            class="cursor-pointer"
            value="delete"
          >
            Delete
          </option>
        </select>
      </div>
    </div>
  </body>,
  "container": <div>
    <div
      class="z-10"
    >
      <select
        class="py-1 px-3 font-rale font-bold bg-transparent border rounded-sm"
        id=""
        name="busManagement"
        role="select"
      >
        <option
          hidden=""
        >
          Manage
        </option>
        <option
          class="cursor-pointer"
          value="edit"
        >
          Edit
        </option>
        <option
          class="cursor-pointer"
          value="delete"
        >
          Delete
        </option>
      </select>
    </div>
  </div>,
  "debug": [Function],
  "findAllByAltText": [Function],
  "findAllByDisplayValue": [Function],
  "findAllByLabelText": [Function],
  "findAllByPlaceholderText": [Function],
  "findAllByRole": [Function],
  "findAllByTestId": [Function],
  "findAllByText": [Function],
  "findAllByTitle": [Function],
  "findByAltText": [Function],
  "findByDisplayValue": [Function],
  "findByLabelText": [Function],
  "findByPlaceholderText": [Function],
  "findByRole": [Function],
  "findByTestId": [Function],
  "findByText": [Function],
  "findByTitle": [Function],
  "getAllByAltText": [Function],
  "getAllByDisplayValue": [Function],
  "getAllByLabelText": [Function],
  "getAllByPlaceholderText": [Function],
  "getAllByRole": [Function],
  "getAllByTestId": [Function],
  "getAllByText": [Function],
  "getAllByTitle": [Function],
  "getByAltText": [Function],
  "getByDisplayValue": [Function],
  "getByLabelText": [Function],
  "getByPlaceholderText": [Function],
  "getByRole": [Function],
  "getByTestId": [Function],
  "getByText": [Function],
  "getByTitle": [Function],
  "queryAllByAltText": [Function],
  "queryAllByDisplayValue": [Function],
  "queryAllByLabelText": [Function],
  "queryAllByPlaceholderText": [Function],
  "queryAllByRole": [Function],
  "queryAllByTestId": [Function],
  "queryAllByText": [Function],
  "queryAllByTitle": [Function],
  "queryByAltText": [Function],
  "queryByDisplayValue": [Function],
  "queryByLabelText": [Function],
  "queryByPlaceholderText": [Function],
  "queryByRole": [Function],
  "queryByTestId": [Function],
  "queryByText": [Function],
  "queryByTitle": [Function],
  "rerender": [Function],
  "unmount": [Function],
}
`;
