// Jest Snapshot v1, https://goo.gl/fbAQLP

exports[`Header should render Header 1`] = `
<div
  className="flex bg-background border-b-4 pb-4 sticky top-0 z-20"
>
  <div>
    <a
      href="/"
      onClick={[Function]}
    >
      <img
        alt="Phantom"
        className="w-44 xl:w-60 ml-8 xl:ml-20 mt-7 mb-2"
        src=""
      />
    </a>
  </div>
  <div
    className="hidden md:flex xl:flex ml-auto mr-20"
  >
    <a
      href="/login"
      onClick={[Function]}
    >
      <div>
        <button
          className="bg-primary hover:bg-hover text-white rounded-xl mt-7 ml-6 rounded-xl py-3 px-5"
          type="button"
        >
          For operators
        </button>
      </div>
    </a>
    <div>
      <button
        className="border border-primary bg-background hover:bg-hover2 text-primary rounded-xl mt-7 ml-6 px-6 rounded-xl py-3 px-5"
        type="button"
      >
        Track Bus
      </button>
    </div>
    <div>
      <button
        className="mt-8 flex py-2 px-4 text-lg"
        onClick={[Function]}
        type="button"
      >
        <h1>
          English
        </h1>
        <img
          alt="dropdown"
          className="w-3 mt-3 ml-2 h-2"
          src=""
        />
      </button>
      <ul
        className=" z-10"
      >
        <li
          className="hidden absolute py-2 ml-4 w-fit bg-background w-full  cursor-pointer"
        >
          French
        </li>
        <li
          className="hidden absolute py-2 ml-4 w-fit top-64 md:top-28 lg:top-28 xl:top-28 bg-background cursor-pointer"
        >
          Kinyarwanda
        </li>
      </ul>
    </div>
  </div>
  <div
    className="flex flex-col absolute right-0 bg-background px-2"
  >
    <button
      className="md:hidden xl:hidden ml-auto mr-12 mt-8"
      onClick={[Function]}
      type="button"
    >
      <div>
        <div
          className="h-1 w-7 bg-primary mt-1"
        />
        <div
          className="h-1 w-7 bg-primary mt-1"
        />
        <div
          className="h-1 w-7 bg-primary mt-1"
        />
      </div>
    </button>
    <div
      className="hidden flex flex-col font-raleway md:hidden lg:hidden xl:hidden border px-4 py-2 mr-6 z-50"
    >
      <a
        href="/login"
        onClick={[Function]}
      >
        <div>
          <button
            className="bg-primary hover:bg-hover text-white rounded-xl mt-2 px-3 py-2 rounded-xl py-3 px-5"
            type="button"
          >
            For operators
          </button>
        </div>
      </a>
      <div>
        <button
          className="border border-primary bg-background hover:bg-hover2 text-primary rounded-xl mt-2 px-6 py-2 rounded-xl py-3 px-5"
          type="button"
        >
          Track Bus
        </button>
      </div>
      <div>
        <button
          className="undefined flex py-2 px-4 text-lg"
          onClick={[Function]}
          type="button"
        >
          <h1>
            English
          </h1>
          <img
            alt="dropdown"
            className="w-3 mt-3 ml-2 h-2"
            src=""
          />
        </button>
        <ul
          className=" z-10"
        >
          <li
            className="hidden absolute py-2 ml-4 w-fit bg-background w-full  cursor-pointer"
          >
            French
          </li>
          <li
            className="hidden absolute py-2 ml-4 w-fit top-64 md:top-28 lg:top-28 xl:top-28 bg-background cursor-pointer"
          >
            Kinyarwanda
          </li>
        </ul>
      </div>
    </div>
  </div>
</div>
`;
