// Jest Snapshot v1, https://goo.gl/fbAQLP

exports[`LanguageButton should render LanguageButton 1`] = `
<div>
  <button
    className="undefined flex py-2 px-4 text-lg"
    onClick={[Function]}
    type="button"
  >
    <h1>
      English
    </h1>
    <img
      alt="dropdown"
      className="w-3 mt-3 ml-2 h-2"
      src=""
    />
  </button>
  <ul
    className=" z-10"
  >
    <li
      className="hidden absolute py-2 ml-4 w-fit bg-background w-full  cursor-pointer"
    >
      French
    </li>
    <li
      className="hidden absolute py-2 ml-4 w-fit top-64 md:top-28 lg:top-28 xl:top-28 bg-background cursor-pointer"
    >
      Kinyarwanda
    </li>
  </ul>
</div>
`;
