// Jest Snapshot v1, https://goo.gl/fbAQLP

exports[`MobileMenu should render Mobile menu 1`] = `
<div
  className="undefined flex flex-col font-raleway md:hidden lg:hidden xl:hidden border px-4 py-2 mr-6 z-50"
>
  <a
    href="/login"
    onClick={[Function]}
  >
    <div>
      <button
        className="bg-primary hover:bg-hover text-white rounded-xl mt-2 px-3 py-2 rounded-xl py-3 px-5"
        type="button"
      >
        For operators
      </button>
    </div>
  </a>
  <div>
    <button
      className="border border-primary bg-background hover:bg-hover2 text-primary rounded-xl mt-2 px-6 py-2 rounded-xl py-3 px-5"
      type="button"
    >
      Track Bus
    </button>
  </div>
  <div>
    <button
      className="undefined flex py-2 px-4 text-lg"
      onClick={[Function]}
      type="button"
    >
      <h1>
        English
      </h1>
      <img
        alt="dropdown"
        className="w-3 mt-3 ml-2 h-2"
        src=""
      />
    </button>
    <ul
      className=" z-10"
    >
      <li
        className="hidden absolute py-2 ml-4 w-fit bg-background w-full  cursor-pointer"
      >
        French
      </li>
      <li
        className="hidden absolute py-2 ml-4 w-fit top-64 md:top-28 lg:top-28 xl:top-28 bg-background cursor-pointer"
      >
        Kinyarwanda
      </li>
    </ul>
  </div>
</div>
`;
