// Jest Snapshot v1, https://goo.gl/fbAQLP

exports[`Buses form component test it should render Buses form component 1`] = `
<div
  className="px-8 py-4 my-auto font-raleway md:py-8"
>
  <form
    className="py-8 shadow-main px-4 flex flex-col w-full md:max-w-lg md:mx-auto"
  >
    <h1
      className="font-extrabold text-2xl pb-8"
    />
    <label
      className="font-bold mb-2"
      htmlFor="busType"
    >
      Bus type
    </label>
    <select
      className="rounded-sm px-3 py-2 mb-5 bg-[#EFEFEF]"
      id="busType"
      name="busType"
    >
      <option
        disabled={true}
        hidden={true}
        selected={true}
        value=""
      >
        Select bus type
      </option>
      <option
        value="coaster"
      >
        Coaster
      </option>
      <option
        value="minibus"
      >
        Minibus
      </option>
      <option
        value="bigBus"
      >
        Big Bus
      </option>
    </select>
    <label
      className="font-bold mb-2"
      htmlFor="busType"
    >
      Company
    </label>
    <select
      className="rounded-sm px-3 py-2 mb-5 bg-[#EFEFEF]"
      id="busType"
      name="busType"
    >
      <option
        disabled={true}
        hidden={true}
        selected={true}
        value=""
      >
        Select company
      </option>
      <option
        value="kbs"
      >
        Kigali Bus Service
      </option>
      <option
        value="royal_express"
      >
        Royal Express
      </option>
      <option
        value="virunga_express"
      >
        Virunga Express
      </option>
    </select>
    <label
      className="font-bold mb-2"
      htmlFor="seats"
    >
      Seats
    </label>
    <input
      className="rounded-sm px-3 py-2 mb-5 bg-[#EFEFEF]"
      placeholder="Enter number of seats"
      type="text"
    />
    <label
      className="font-bold mb-2"
      htmlFor="seats"
    >
      Plate number
    </label>
    <input
      className="rounded-sm px-3 py-2 mb-5 bg-[#EFEFEF]"
      placeholder="Enter plate number"
      type="text"
    />
    <div
      className="self-center"
    >
      <div>
        <button
          className="bg-primary text-sm text-white py-2 px-3 rounded-xl py-3 text-base md:text-sm lg:text-lg xl:text-lg px-5"
          type="button"
        >
          Register bus
        </button>
      </div>
    </div>
  </form>
</div>
`;
